// Jest Snapshot v1, https://goo.gl/fbAQLP

exports[`AdminDashboard component should render correctly 1`] = `
<Tabs
  defaultFocus={false}
  defaultIndex={null}
  forceRenderTabPanel={false}
  selectedIndex={null}
>
  <TabList
    className="react-tabs__tab-list"
  >
    <Tab
      className="react-tabs__tab"
      disabledClassName="react-tabs__tab--disabled"
      focus={false}
      id={null}
      panelId={null}
      selected={false}
      selectedClassName="react-tabs__tab--selected"
    >
      Manage Books
    </Tab>
    <Tab
      className="react-tabs__tab"
      disabledClassName="react-tabs__tab--disabled"
      focus={false}
      id={null}
      panelId={null}
      selected={false}
      selectedClassName="react-tabs__tab--selected"
    >
      Manage Users
    </Tab>
  </TabList>
  <TabPanel
    className="react-tabs__tab-panel"
    forceRender={false}
    selectedClassName="react-tabs__tab-panel--selected"
  >
    <SearchWrapper />
  </TabPanel>
  <TabPanel
    className="react-tabs__tab-panel"
    forceRender={false}
    selectedClassName="react-tabs__tab-panel--selected"
  >
    <ConnectFunction />
  </TabPanel>
</Tabs>
`;
