// Jest Snapshot v1, https://goo.gl/fbAQLP

exports[`CollectionItemFormModal should render correctly 1`] = `
<Modal
  ariaHideApp={false}
  bodyOpenClassName="ReactModal__Body--open"
  closeTimeoutMS={200}
  isOpen={false}
  onRequestClose={[Function]}
  parentSelector={[Function]}
  portalClassName="ReactModalPortal"
  role="dialog"
  shouldCloseOnEsc={true}
  shouldCloseOnOverlayClick={true}
  shouldFocusAfterRender={true}
  shouldReturnFocusAfterClose={true}
>
  <div
    className="modal-controls"
  >
    <button
      className="cancel-btn"
      onClick={[Function]}
      type="button"
    >
      X
    </button>
  </div>
  <div
    className="modal-body"
  >
    <ConnectFunction />
  </div>
</Modal>
`;
