// Jest Snapshot v1, https://goo.gl/fbAQLP

exports[`Collection it should render properly 1`] = `
<div>
  <div
    className="booklist-controls"
  >
    <CategoryFilter
      filter=""
      handleChange={[Function]}
    />
    <button
      className="add-book-btn btn-sm"
      onClick={[MockFunction]}
      type="button"
    >
      Add Book
    </button>
  </div>
  <div>
    <CollectionItem
      book={
        Object {
          "author": "Tolkien",
          "category": "Action",
          "chapters": "35",
          "currentChapter": "",
          "id": "0",
          "title": "Lord of the Rings",
        }
      }
      handleRemove={[Function]}
      key="0"
    />
    <CollectionItem
      book={
        Object {
          "author": "Kiyosaki",
          "category": "Learning",
          "chapters": "24",
          "currentChapter": "",
          "id": "1",
          "title": "Guide to Investing",
        }
      }
      handleRemove={[Function]}
      key="1"
    />
    <CollectionItem
      book={
        Object {
          "author": "Roddenberry",
          "category": "Sci-Fi",
          "chapters": "30",
          "currentChapter": "",
          "id": "2",
          "title": "Star Trek",
        }
      }
      handleRemove={[Function]}
      key="2"
    />
  </div>
</div>
`;
