// Jest Snapshot v1, https://goo.gl/fbAQLP

exports[`Collection it should render properly 1`] = `
<div>
  <div
    className="booklist-controls"
  >
    <CategoryFilter
      filter=""
      handleChange={[Function]}
    />
    <button
      className="add-book-btn btn-sm"
      onClick={[Function]}
      type="button"
    >
      Add To Collection
    </button>
  </div>
  <div>
    <CollectionItem
      handleRemove={[Function]}
      item={
        Object {
          "authors": Array [
            "Tolkien",
          ],
          "book_id": "0",
          "category": "Action",
          "chapters": "35",
          "currentChapter": "",
          "description": "Nostrud aliquip velit eu ea amet qui exercitation anim mollit do minim commodo pariatur.",
          "id": "0",
          "imageLinks": Object {
            "smallThumbnail": "",
          },
          "title": "Lord of the Rings",
        }
      }
      key="0"
    />
    <CollectionItem
      handleRemove={[Function]}
      item={
        Object {
          "authors": Array [
            "Kiyosaki",
          ],
          "book_id": "1",
          "category": "Learning",
          "chapters": "24",
          "currentChapter": "",
          "description": "Nostrud aliquip velit eu ea amet qui exercitation anim mollit do minim commodo pariatur.",
          "id": "1",
          "imageLinks": Object {
            "smallThumbnail": "",
          },
          "title": "Guide to Investing",
        }
      }
      key="1"
    />
    <CollectionItem
      handleRemove={[Function]}
      item={
        Object {
          "authors": Array [
            "Roddenberry",
          ],
          "book_id": "2",
          "category": "Sci-Fi",
          "chapters": "30",
          "currentChapter": "",
          "description": "Nostrud aliquip velit eu ea amet qui exercitation anim mollit do minim commodo pariatur.",
          "id": "2",
          "imageLinks": Object {
            "smallThumbnail": "",
          },
          "title": "Star Trek",
        }
      }
      key="2"
    />
  </div>
</div>
`;
