// Jest Snapshot v1, https://goo.gl/fbAQLP

exports[`Header component Should render correctly 1`] = `
<header
  className="panel-bg"
>
  <h1
    className="Bookstore-CMS"
  >
    Bookstore App
  </h1>
  <button
    className="btn"
    onClick={[MockFunction]}
    type="button"
  >
    Log Out
  </button>
</header>
`;
