// Jest Snapshot v1, https://goo.gl/fbAQLP

exports[`ProgressUpdateBody should render correctly 1`] = `
<div>
  <h1>
    Some Title
  </h1>
  <strong>
    Now reading page: 
  </strong>
  <select
    name="current"
    onChange={[Function]}
    value="0"
  >
    <option
      id="undefined Not started
                "
      key="undefined-Not started
                "
      value="Not started"
    >
      Not started
    </option>
    <option
      id="undefined 1
                "
      key="undefined-1
                "
      value={1}
    >
      1
    </option>
    <option
      id="undefined 2
                "
      key="undefined-2
                "
      value={2}
    >
      2
    </option>
    <option
      id="undefined 3
                "
      key="undefined-3
                "
      value={3}
    >
      3
    </option>
    <option
      id="undefined 4
                "
      key="undefined-4
                "
      value={4}
    >
      4
    </option>
    <option
      id="undefined 5
                "
      key="undefined-5
                "
      value={5}
    >
      5
    </option>
  </select>
</div>
`;
