// Jest Snapshot v1, https://goo.gl/fbAQLP

exports[`SearchResultsList should render correctly with search result 1`] = `
<div>
  <ConnectFunction />
  <h4
    className="search-result-heading"
  >
    Search results for
     
    some term
  </h4>
  <ConnectFunction
    book={
      Object {
        "authors": Array [
          "Tolkien",
        ],
        "book_id": "0",
        "category": "Action",
        "chapters": "35",
        "currentChapter": "",
        "description": "Nostrud aliquip velit eu ea amet qui exercitation anim mollit do minim commodo pariatur.",
        "id": "0",
        "imageLinks": Object {
          "smallThumbnail": "",
        },
        "item_id": "zero",
        "title": "Lord of the Rings",
      }
    }
    key="0"
  />
  <ConnectFunction
    book={
      Object {
        "authors": Array [
          "Kiyosaki",
        ],
        "book_id": "1",
        "category": "Learning",
        "chapters": "24",
        "currentChapter": "",
        "description": "Nostrud aliquip velit eu ea amet qui exercitation anim mollit do minim commodo pariatur.",
        "id": "1",
        "imageLinks": Object {
          "smallThumbnail": "",
        },
        "item_id": "one",
        "title": "Guide to Investing",
      }
    }
    key="1"
  />
  <ConnectFunction
    book={
      Object {
        "authors": Array [
          "Roddenberry",
        ],
        "book_id": "2",
        "category": "Sci-Fi",
        "chapters": "30",
        "currentChapter": "",
        "description": "Nostrud aliquip velit eu ea amet qui exercitation anim mollit do minim commodo pariatur.",
        "id": "2",
        "imageLinks": Object {
          "smallThumbnail": "",
        },
        "item_id": "two",
        "title": "Star Trek",
      }
    }
    key="2"
  />
</div>
`;
